ab
abd
bb
bd
c
cd
dac
ab
abd
bb
bd
c
cd
dac
/
ab
abd
bb
bd
c
cd
dac
