a
abc
abd
b
ba
bc
bda
bdc
c
cb
cbd
cd
d
dc
/
a
abc
abd
b
ba
bc
bda
bdc
c
cb
cbd
cd
d
dc
a
abc
abd
b
ba
bc
bda
bdc
c
cb
cbd
cd
d
dc
/
/
/
/d
/d
/d/dcc
/d/dcc
/d/dcc
