a
aaa
abb
abc
abd
ac
b
ba
bab
bac
bbb
bbc
bbd
bc
bcb
bcc
bd
bdc
bdd
c
ca
cab
cb
cba
cbc
cbd
cc
cca
ccb
ccc
ccd
cd
cdc
d
da
dab
dbb
dc
dd
a
aaa
abb
abc
abd
ac
b
ba
bab
bac
bbb
bbc
bbd
bc
bcb
bcc
bd
bdc
bdd
c
ca
cab
cb
cba
cbc
cbd
cc
cca
ccb
ccc
ccd
cd
cdc
d
da
dab
dbb
dc
dd
a
aaa
abb
abc
abd
ac
b
ba
bab
bac
bbb
bbc
bbd
bc
bcb
bcc
bd
bdc
bdd
c
ca
cab
cb
cba
cbc
cbd
cc
cca
ccb
ccc
ccd
cd
cdc
d
da
dab
dbb
dc
dd
a
aaa
abb
abc
abd
ac
b
ba
bab
bac
bbb
bbc
bbd
bc
bcb
bcc
bd
bdc
bdd
c
ca
cab
cb
cba
cbc
cbd
cc
cca
ccb
ccc
ccd
cd
cdc
d
da
dab
dbb
dc
dd
a
aaa
abb
abc
abd
ac
b
ba
bab
bac
bbb
bbc
bbd
bc
bcb
bcc
bd
bdc
bdd
c
ca
cab
cb
cba
cbc
cbd
cc
cca
ccb
ccc
ccd
cd
cdc
d
da
dab
dbb
dc
dd
/
a
aaa
abb
abc
abd
ac
b
ba
bab
bac
bbb
bbc
bbd
bc
bcb
bcc
bd
bdc
bdd
c
ca
cab
cb
cba
cbc
cbd
cc
cca
ccb
ccc
ccd
cd
cdc
d
da
dab
dbb
dc
dd
a
aaa
abb
abc
abd
ac
b
ba
bab
bac
bbb
bbc
bbd
bc
bcb
bcc
bd
bdc
bdd
c
ca
cab
cb
cba
cbc
cbd
cc
cca
ccb
ccc
ccd
cd
cdc
d
da
dab
dbb
dc
dd
/
/
/
/
a
aaa
abb
abc
abd
ac
b
ba
bab
bac
bbb
bbc
bbd
bc
bcb
bcc
bd
bdc
bdd
c
ca
cab
cb
cba
cbc
cbd
cc
cca
ccb
ccc
ccd
cd
cdc
d
da
dab
dbb
dc
dd
a
aaa
abb
abc
abd
ac
b
ba
bab
bac
bbb
bbc
bbd
bc
bcb
bcc
bd
bdc
bdd
c
ca
cab
cb
cba
cbc
cbd
cc
cca
ccb
ccc
ccd
cd
cdc
d
da
dab
dbb
dc
dd
a
aaa
abb
abc
abd
ac
b
ba
bab
bac
bbb
bbc
bbd
bc
bcb
bcc
bd
bdc
bdd
c
ca
cab
cb
cba
cbc
cbd
cc
cca
ccb
ccc
ccd
cd
cdc
d
da
dab
dbb
dc
dd
a
aaa
abb
abc
abd
ac
b
ba
bab
bac
bbb
bbc
bbd
bc
bcb
bcc
bd
bdc
bdd
c
ca
cab
cb
cba
cbc
cbd
cc
cca
ccb
ccc
ccd
cd
cdc
d
da
dab
dbb
dc
dd
/
/
a
aaa
abb
abc
abd
ac
b
ba
bab
bac
bbb
bbc
bbd
bc
bcb
bcc
bd
bdc
bdd
c
ca
cab
cb
cba
cbc
cbd
cc
cca
ccb
ccc
ccd
cd
cdc
d
da
dab
dbb
dc
dd
a
aaa
abb
abc
abd
ac
b
ba
bab
bac
bbb
bbc
bbd
bc
bcb
bcc
bd
bdc
bdd
c
ca
cab
cb
cba
cbc
cbd
cc
cca
ccb
ccc
ccd
cd
cdc
d
da
dab
dbb
dc
dd
a
aaa
abb
abc
abd
ac
b
ba
bab
bac
bbb
bbc
bbd
bc
bcb
bcc
bd
bdc
bdd
c
ca
cab
cb
cba
cbc
cbd
cc
cca
ccb
ccc
ccd
cd
cdc
d
da
dab
dbb
dc
dd
c
c
/cbc
/cbc
c
c
c
c
/cbc






