/
a
aa
aab
aac
ab
ac
acb
acc
acd
ad
b
ba
bad
bb
bba
bbb
bc
bca
bd
bda
bdc
c
ca
caa
cab
cad
cb
cba
cbb
cbc
cc
cca
cd
cda
cdc
cdd
d
da
dac
db
dba
dbc
dc
dd
ddb
/
/
