a
aa
aaa
ab
aba
ac
acb
adc
add
b
bab
bac
bb
bba
bbb
bc
bca
bcb
bd
bdc
c
ca
cab
cb
cba
cc
ccb
ccd
cda
cdd
d
da
db
dbd
dc
dcc
dd
