a
aa
ab
bd
c
cab
cbc
cc
d
da
dac
dad
/
a
aa
ab
bd
c
cab
cbc
cc
d
da
dac
dad
a
aa
ab
bd
c
cab
cbc
cc
d
da
dac
dad
/
/
