/abc
/abc
/abc
/abc




/
a
aac
ab
abc
ac
acc
ad
b
bab
bb
bba
bbc
bc
c
ca
cad
cd
cda
d
da
dad
db
dcb
dd
dda
/
a
aac
ab
abc
ac
acc
ad
b
bab
bb
bba
bbc
bc
c
ca
cad
cd
cda
d
da
dad
db
dcb
dd
dda
a
aac
ab
abc
ac
acc
ad
b
bab
bb
bba
bbc
bc
c
ca
cad
cd
cda
d
da
dad
db
dcb
dd
dda
a
aac
ab
abc
ac
acc
ad
b
bab
bb
bba
bbc
bc
c
ca
cad
cd
cda
d
da
dad
db
dcb
dd
dda
/
a
aac
ab
abc
ac
acc
ad
b
bab
bb
bba
bbc
bc
c
ca
cad
cd
cda
d
da
dad
db
dcb
dd
dda
/
a
aac
ab
abc
ac
acc
ad
b
bab
bb
bba
bbc
bc
c
ca
cad
cd
cda
d
da
dad
db
dcb
dd
dda
/
a
aac
ab
abc
ac
acc
ad
b
bab
bb
bba
bbc
bc
c
ca
cad
cd
cda
d
da
dad
db
dcb
dd
dda
/
/
a
aac
ab
abc
ac
acc
ad
b
bab
bb
bba
bbc
bc
c
ca
cad
cd
cda
d
da
dad
db
dcb
dd
dda
/
/
/
a
aac
ab
abc
ac
acc
ad
b
bab
bb
bba
bbc
bc
c
ca
cad
cd
cda
d
da
dad
db
dcb
dd
dda
a
aac
ab
abc
ac
acc
ad
b
bab
bb
bba
bbc
bc
c
ca
cad
cd
cda
d
da
dad
db
dcb
dd
dda
/
